xmsim(64): 22.03-s012: (c) Copyright 1995-2023 Cadence Design Systems, Inc.
TOOL:	xmsim(64)	22.03-s012: Started on Jul 07, 2026 at 19:40:28 KST
xmsim
    -MESS
    tb_FSM
    -gui

xmsim: *W,NOMTDGUI: Multi-Threaded Dumping is disabled for interactive debug mode.

-------------------------------------
Relinquished control to SimVision...
xcelium> 
xcelium> database -open waves -into waves.shm -default
Created default SHM database waves
xcelium> probe -create -shm tb_FSM.clk tb_FSM.din_bit tb_FSM.dout_bit tb_FSM.rst_n
Created probe 1
xcelium> run
Simulation complete via $finish(1) at time 2350 NS + 0
./tb_FSM.v:49 	#2000; $finish;
xcelium> probe -create -shm tb_FSM.DUT.next tb_FSM.DUT.state
Created probe 2
xcelium> run
xmsim: *E,RNFNSH: Cannot continue simulation due to a previous $finish.
xcelium> ^C
xcelium> exit
TOOL:	xmsim(64)	22.03-s012: Exiting on Jul 07, 2026 at 23:26:49 KST  (total: 03:46:21)
