Cadence Genus(TM) Synthesis Solution.
Copyright 2024 Cadence Design Systems, Inc. All rights reserved worldwide.
Cadence and the Cadence logo are registered trademarks and Genus is a trademark
of Cadence Design Systems, Inc. in the United States and other countries.

[02:02:09.163177] Configured Lic search path (22.01-s003): 5280@172.31.52.241

Version: 22.17-s071_1, built Wed Sep 11 20:37:05 PDT 2024
Options: 
Date:    Wed Jul 08 02:02:09 2026
Host:    kopo-seongnam (x86_64 w/Linux 3.10.0-1160.el7.x86_64) (20cores*80cpus*2physical cpus*Intel(R) Xeon(R) Gold 5218R CPU @ 2.10GHz 28160KB) (394624392KB)
PID:     186767
OS:      CentOS Linux release 7.9.2009 (Core)

Checking out license: Genus_Synthesis
[02:02:09.220227] Periodic Lic check successful
[02:02:09.220235] Feature usage summary:
[02:02:09.220240] Genus_Synthesis



***********************************************************************************************************
***********************************************************************************************************



Finished executable startup (0 seconds elapsed).

Loading tool scripts...
Finished loading tool scripts (15 seconds elapsed).

WARNING: This version of the tool is 663 days old.
@genus:root: 1> set_db init_lib_search_path ../../1_LIB
  Setting attribute of root '/': 'init_lib_search_path' = ../../1_LIB
1 ../../1_LIB
@genus:root: 2> set_db init_hdl_search_path ../../4_SAMPEL_RTL
  Setting attribute of root '/': 'init_hdl_search_path' = ../../4_SAMPEL_RTL
1 ../../4_SAMPEL_RTL
@genus:root: 3> 
@genus:root: 3> 
@genus:root: 3> read_libs slow_vdd1v0_basicCells.lib
Error   : File error. [FILE-100] [::legacy::set_attribute]
        : Cannot open file 'slow_vdd1v0_basicCells.lib'
        : Make sure that the file is a readable regular file and has the specified name.
Error   : A library file does not exist. [LBR-68] [::legacy::set_attribute]
        : File 'slow_vdd1v0_basicCells.lib' could not be found. File '<none>' was the last file that was successfully read in.
        : Make sure that the library file exists or check for a typo in the file name.
Error   : The data value for this attribute is invalid. [TUI-24] [::legacy::set_attribute]
        : The value '  { slow_vdd1v0_basicCells.lib } ' cannot be set for attribute 'library'.
        : To see the usage/description for this attribute, type '::legacy::set_attribute -h <attr_name> *' (in legacy UI mode) or 'help * <attr_name> -detail' (in CUI mode).
1
@genus:root: 4> read_hdl counter.v
Warning : Cannot open file. [VLOGPT-650]
        : File 'counter.v'.
        : The specified file could not be opened.  Check the value of the init_hdl_search_path attribute.
@genus:root: 5> 
@genus:root: 5> read_libs slow_vdd1v0_basicCells.lib
Error   : File error. [FILE-100] [::legacy::set_attribute]
        : Cannot open file 'slow_vdd1v0_basicCells.lib'
Error   : A library file does not exist. [LBR-68] [::legacy::set_attribute]
        : File 'slow_vdd1v0_basicCells.lib' could not be found. File '<none>' was the last file that was successfully read in.
Error   : The data value for this attribute is invalid. [TUI-24] [::legacy::set_attribute]
        : The value '  { slow_vdd1v0_basicCells.lib } ' cannot be set for attribute 'library'.
1
@genus:root: 6> read_hdl counter.v
Warning : Cannot open file. [VLOGPT-650]
        : File 'counter.v'.
@genus:root: 7> genus -f my_syn.tcl

Another Ctrl-C within 1 second will terminate the tool.
CURRENT RESOURCES: RT {elapsed: 360s, ST: 17s, FG: 17s, CPU: 7.5%}, MEM {curr: 1.2G, peak: 1.2G, phys curr: 0.6G, phys peak: 0.6G}, SYS {load: 0.6, cpu: 80, total: 376.3G, free: 307.8G}
@genus:root: 8> ls
0_DOCS
1_RTL
2_SIM
3_SYN
4_EC
5_APR
LICENSE
README.md
genus.cmd
genus.cmd1
genus.log
genus.log1

Another Ctrl-C within 1 second will terminate the tool.
CURRENT RESOURCES: RT {elapsed: 364s, ST: 17s, FG: 17s, CPU: 7.5%}, MEM {curr: 1.2G, peak: 1.2G, phys curr: 0.6G, phys peak: 0.6G}, SYS {load: 0.6, cpu: 80, total: 376.3G, free: 307.8G}
@genus:root: 9> ls
0_DOCS
1_RTL
2_SIM
3_SYN
4_EC
5_APR
LICENSE
README.md
genus.cmd
genus.cmd1
genus.log
genus.log1
@genus:root: 10> ls
0_DOCS
1_RTL
2_SIM
3_SYN
4_EC
5_APR
LICENSE
README.md
genus.cmd
genus.cmd1
genus.log
genus.log1
@genus:root: 11> e
ambiguous command name "e": edit_flow elaborate encoding encrypt end_flow eof error eval eval_1801 eval_common eval_common_ui exec exit export_oa_db expr
@genus:root: 12> exit

Lic Summary:
[02:08:23.219194] Cdslmd servers: kopo-seongnam
[02:08:23.219218] Feature usage summary:
[02:08:23.219224] Genus_Synthesis

Normal exit.