xmsim(64): 22.03-s012: (c) Copyright 1995-2023 Cadence Design Systems, Inc.
TOOL:	xmsim(64)	22.03-s012: Started on Jul 07, 2026 at 03:53:24 KST
xmsim
    -MESS
    tb_FSM1
    -gui

xmsim: *W,NOMTDGUI: Multi-Threaded Dumping is disabled for interactive debug mode.

-------------------------------------
Relinquished control to SimVision...
xcelium> 
xcelium> database -open waves -into waves.shm -default
Created default SHM database waves
xcelium> probe -create -shm tb_FSM1.clk tb_FSM1.ds tb_FSM1.go tb_FSM1.rd tb_FSM1.rst_n tb_FSM1.ws tb_FSM1.DUT.next tb_FSM1.DUT.state
Created probe 1
xcelium> run
Simulation complete via $finish(1) at time 500 NS + 0
./tb_FSM1.v:40 	#100; $finish;
xcelium> ^C
xcelium> exit
TOOL:	xmsim(64)	22.03-s012: Exiting on Jul 07, 2026 at 03:56:25 KST  (total: 00:03:01)
