xmelab(64): 22.03-s012: (c) Copyright 1995-2023 Cadence Design Systems, Inc.
define work_lib ./work.lib
|
xmelab: *W,DLCLAP (./cds.lib,2): cds.lib Same file has different definitions for library 'library work_lib from /home/hah004/Basic_SoC-_Implementation/2_SIM/4_SAMPLE/cds.lib line 2, redefines
    library work_lib from same file line 1 defined earlier.' (continuing with last specified path).
TOOL:	xmelab(64)	22.03-s012: Started on Jun 30, 2026 at 20:02:35 KST
xmelab
    -MESS
    -access rwc
    tb_pipeline

	Elaborating the design hierarchy:
		Caching library 'work_lib' ....... Done
	Building instance overlay tables: .................... Done
	Generating native compiled code:
define work_lib ./work.lib
|
xmvlog_cg: *W,DLCLAP (./cds.lib,2): cds.lib Same file has different definitions for library 'library work_lib from /home/hah004/Basic_SoC-_Implementation/2_SIM/4_SAMPLE/cds.lib line 2, redefines
    library work_lib from same file line 1 defined earlier.' (continuing with last specified path).
		work_lib.pipeline:module <0x51fa3807>
			streams:   5, words:  1815
		work_lib.tb_pipeline:module <0x6490e623>
			streams:   8, words:  4742
	Building instance specific data structures.
	Loading native compiled code:     .................... Done
	Design hierarchy summary:
		                 Instances  Unique
		Modules:                 2       2
		Registers:               7       7
		Scalar wires:            2       -
		Vectored wires:          4       -
		Always blocks:           2       2
		Initial blocks:          2       2
		Pseudo assignments:      5       5
		Simulation timescale:  1ps
	Writing initial simulation snapshot: work_lib.tb_pipeline:module
TOOL:	xmelab(64)	22.03-s012: Exiting on Jun 30, 2026 at 20:02:35 KST  (total: 00:00:00)
