xmvlog(64): 22.03-s012: (c) Copyright 1995-2023 Cadence Design Systems, Inc.
define work_lib ./work.lib
|
xmvlog: *W,DLCLAP (./cds.lib,2): cds.lib Same file has different definitions for library 'library work_lib from /home/hah004/Basic_SoC-_Implementation/2_SIM/4_SAMPLE/cds.lib line 2, redefines
    library work_lib from same file line 1 defined earlier.' (continuing with last specified path).
TOOL:	xmvlog(64)	22.03-s012: Started on Jun 30, 2026 at 20:02:35 KST
xmvlog
    -MESS
    -linedebug
    ./pipeline.v
    ./tb_pipeline.v

file: ./pipeline.v
	module work_lib.pipeline
		errors: 0, warnings: 0
file: ./tb_pipeline.v
	module work_lib.tb_pipeline
		errors: 0, warnings: 0
	Total errors/warnings found outside modules and primitives:
		errors: 0, warnings: 1
TOOL:	xmvlog(64)	22.03-s012: Exiting on Jun 30, 2026 at 20:02:35 KST  (total: 00:00:00)
