xrun(64): 22.03-s012: (c) Copyright 1995-2023 Cadence Design Systems, Inc.
TOOL:	xrun(64)	22.03-s012: Started on Jun 30, 2026 at 18:27:35 KST
xrun
	pipeline.v
	tb_pipeline.v
	-input run.tcl
	-access rwc
	-gui
		Caching library 'worklib' ....... Done
	Elaborating the design hierarchy:
	Top level design units:
		tb_pipeline
	Building instance overlay tables: .................... Done
	Generating native compiled code:
		worklib.pipeline:v <0x67118f1d>
			streams:   3, words:  1315
		worklib.tb_pipeline:v <0x5f7fcfa6>
			streams:   7, words:  2463
	Building instance specific data structures.
	Loading native compiled code:     .................... Done
	Design hierarchy summary:
		                 Instances  Unique
		Modules:                 2       2
		Registers:               7       7
		Scalar wires:            2       -
		Vectored wires:          4       -
		Always blocks:           2       2
		Initial blocks:          1       1
		Pseudo assignments:      5       5
		Simulation timescale:  1ps
	Writing initial simulation snapshot: worklib.tb_pipeline:v
xmsim: *W,NOMTDGUI: Multi-Threaded Dumping is disabled for interactive debug mode.

-------------------------------------
Relinquished control to SimVision...
xcelium> 
xcelium> source /tools/cadence/XCELIUM2203/tools/xcelium/files/xmsimrc
xcelium> run
Simulation complete via $finish(1) at time 80 NS + 0
./tb_pipeline.v:41 $finish;
xcelium> run
xmsim: *E,RNFNSH: Cannot continue simulation due to a previous $finish.
xcelium> ^C
xcelium> exit
TOOL:	xrun(64)	22.03-s012: Exiting on Jun 30, 2026 at 19:23:50 KST  (total: 00:56:15)
