xmvlog(64): 22.03-s012: (c) Copyright 1995-2023 Cadence Design Systems, Inc.
TOOL:	xmvlog(64)	22.03-s012: Started on Jul 01, 2026 at 02:12:31 KST
xmvlog
    -MESS
    -linedebug
    ./interrupt_conteroller.v
    ./interrupt_controller.v
    ./tb_interrupt_controller.v

file: ./interrupt_conteroller.v
reg [2:0] o_int_id	; // 8 < 2^(3bit)
                 |
xmvlog: *W,ILLPDX (./interrupt_conteroller.v,12|17): Multiple declarations for a port not allowed in module with ANSI list of port declarations (port 'o_int_id') [12.3.4(IEEE-2001)].
reg 	  o_int_req	;
    	          |
xmvlog: *W,ILLPDX (./interrupt_conteroller.v,13|15): Multiple declarations for a port not allowed in module with ANSI list of port declarations (port 'o_int_req') [12.3.4(IEEE-2001)].
	module work_lib.interrupt_controller
		errors: 0, warnings: 2
file: ./interrupt_controller.v
file: ./tb_interrupt_controller.v
	module work_lib.tb_interrupt_controller
		errors: 0, warnings: 0
TOOL:	xmvlog(64)	22.03-s012: Exiting on Jul 01, 2026 at 02:12:31 KST  (total: 00:00:00)
