
Cadence Innovus(TM) Implementation System.
Copyright 2022 Cadence Design Systems, Inc. All rights reserved worldwide.

Version:	v22.17-s086_1, built Tue Sep 24 10:51:50 PDT 2024
Options:	-stylus 
Date:		Wed Jul  8 19:48:18 2026
Host:		kopo-seongnam (x86_64 w/Linux 3.10.0-1160.el7.x86_64) (20cores*80cpus*Intel(R) Xeon(R) Gold 5218R CPU @ 2.10GHz 28160KB)
OS:		CentOS Linux 7 (Core)

License:
		[19:48:18.163321] Configured Lic search path (22.01-s003): 5280@172.31.52.241

		invs	Innovus Implementation System	22.1	Denied
		invsb	Innovus Implementation System Basic	22.1	checkout succeeded
		4 CPU jobs allowed with the current license(s). Use set_multi_cpu_usage to set your required CPU count.
**ERROR: (IMPOAX-8053):	Could not open shared library libinnovusoax22.so : liboaPrivateCDS.so: cannot open shared object file: No such file or directory.
**ERROR: (IMPOAX-8053):	Could not open shared library libcdsSkillPcell.so : /tools/cadence/DDI221/INNOVUS221/tools.lnx86/innovus/bin/64bit/../../../lib/64bit/libcdsSkillPcell.so: undefined symbol: _ZTIN12OpenAccess_413oaFSComponentE.
**ERROR: (IMPOAX-8033):	OpenAccess features will be disabled in this session.


Create and set the environment variable TMPDIR to /home/hah004/Basic_SoC-_Implementation/5_APR/7_APR/0_SAMPLE/innovus_temp_148134_f4d5c702-8e58-4c5f-aab3-2ccc7c773d53_kopo-seongnam_hah004_4jbr9H.

Change the soft stacksize limit to 0.2%RAM (770 mbytes). Set global soft_stack_size_limit to change the value.
[INFO] Loading PVS 20.11 fill procedures

**INFO:  MMMC transition support version v31-84 

@innovus 1> **ERROR: (IMPOAX-820):	The OpenAccess (OA) features are disabled in the current session of Innovus because the oax shared library could not be loaded properly. This could be because your installation was not properly configured. To enable OA features, exit the current session and re-launch Innovus either after fixing your installation by running the Configure Installation phase, or after setting the OA_HOME variable to point to a proper OA installation. Check the "OpenAccess Installation and Configuration Guide" manual for more information.

**ERROR: (IMPOAX-850):	getG2Libs command cannot be run as OpenAccess features are disabled in this session.
**ERROR: (IMPQTF-4044):	Error occurs when '::Rda_Design::Input::update' is executed with the error message: ''. This is probably an inner GUI action error. Use the TCL command directly instead of the GUI interactive.
**ERROR: (IMPIMEX-12):	'init_design' failed. You are missing one or more of the required commands before running init_design.
The MMMC init sequence looks like this: 
read_mmmc top.mmmc 
read_physical -lef {tech.lef stdcell.lef}   #optional in Tempus, required for Innovus 
read_netlist top.v 
read_power_intent -1801 top.1801	    #only for MSV designs 
init_design 

Tempus also supports a single-mode timing init sequence with no MMMC file like this: 
read_libs all.lib 
read_netlist top.v 
read_sdc top.sdc 
init_design 

See the 'Stylus Common UI Initialization' section in the 'Design Import and Export Capabilities' chapter of the Innovus Stylus 
Common UI User Guide for more details.
**ERROR: (IMPIMEX-12):	'init_design' failed. You are missing one or more of the required commands before running init_design.
The MMMC init sequence looks like this: 
read_mmmc top.mmmc 
read_physical -lef {tech.lef stdcell.lef}   #optional in Tempus, required for Innovus 
read_netlist top.v 
read_power_intent -1801 top.1801	    #only for MSV designs 
init_design 

Tempus also supports a single-mode timing init sequence with no MMMC file like this: 
read_libs all.lib 
read_netlist top.v 
read_sdc top.sdc 
init_design 

See the 'Stylus Common UI Initialization' section in the 'Design Import and Export Capabilities' chapter of the Innovus Stylus 
Common UI User Guide for more details.
gui_select -point {0.01600 0.08600}
@innovus 2> **ERROR: (IMPIMEX-12):	'init_design' failed. You are missing one or more of the required commands before running init_design.
The MMMC init sequence looks like this: 
read_mmmc top.mmmc 
read_physical -lef {tech.lef stdcell.lef}   #optional in Tempus, required for Innovus 
read_netlist top.v 
read_power_intent -1801 top.1801	    #only for MSV designs 
init_design 

Tempus also supports a single-mode timing init sequence with no MMMC file like this: 
read_libs all.lib 
read_netlist top.v 
read_sdc top.sdc 
init_design 

See the 'Stylus Common UI Initialization' section in the 'Design Import and Export Capabilities' chapter of the Innovus Stylus 
Common UI User Guide for more details.
**ERROR: (IMPIMEX-12):	'init_design' failed. You are missing one or more of the required commands before running init_design.
The MMMC init sequence looks like this: 
read_mmmc top.mmmc 
read_physical -lef {tech.lef stdcell.lef}   #optional in Tempus, required for Innovus 
read_netlist top.v 
read_power_intent -1801 top.1801	    #only for MSV designs 
init_design 

Tempus also supports a single-mode timing init sequence with no MMMC file like this: 
read_libs all.lib 
read_netlist top.v 
read_sdc top.sdc 
init_design 

See the 'Stylus Common UI Initialization' section in the 'Design Import and Export Capabilities' chapter of the Innovus Stylus 
Common UI User Guide for more details.
**ERROR: (IMPIMEX-12):	'init_design' failed. You are missing one or more of the required commands before running init_design.
The MMMC init sequence looks like this: 
read_mmmc top.mmmc 
read_physical -lef {tech.lef stdcell.lef}   #optional in Tempus, required for Innovus 
read_netlist top.v 
read_power_intent -1801 top.1801	    #only for MSV designs 
init_design 

Tempus also supports a single-mode timing init sequence with no MMMC file like this: 
read_libs all.lib 
read_netlist top.v 
read_sdc top.sdc 
init_design 

See the 'Stylus Common UI Initialization' section in the 'Design Import and Export Capabilities' chapter of the Innovus Stylus 
Common UI User Guide for more details.
**ERROR: (IMPIMEX-12):	'init_design' failed. You are missing one or more of the required commands before running init_design.
The MMMC init sequence looks like this: 
read_mmmc top.mmmc 
read_physical -lef {tech.lef stdcell.lef}   #optional in Tempus, required for Innovus 
read_netlist top.v 
read_power_intent -1801 top.1801	    #only for MSV designs 
init_design 

Tempus also supports a single-mode timing init sequence with no MMMC file like this: 
read_libs all.lib 
read_netlist top.v 
read_sdc top.sdc 
init_design 

See the 'Stylus Common UI Initialization' section in the 'Design Import and Export Capabilities' chapter of the Innovus Stylus 
Common UI User Guide for more details.
**ERROR: (IMPIMEX-12):	'init_design' failed. You are missing one or more of the required commands before running init_design.
The MMMC init sequence looks like this: 
read_mmmc top.mmmc 
read_physical -lef {tech.lef stdcell.lef}   #optional in Tempus, required for Innovus 
read_netlist top.v 
read_power_intent -1801 top.1801	    #only for MSV designs 
init_design 

Tempus also supports a single-mode timing init sequence with no MMMC file like this: 
read_libs all.lib 
read_netlist top.v 
read_sdc top.sdc 
init_design 

See the 'Stylus Common UI Initialization' section in the 'Design Import and Export Capabilities' chapter of the Innovus Stylus 
Common UI User Guide for more details.
**ERROR: (IMPIMEX-12):	'init_design' failed. You are missing one or more of the required commands before running init_design.
The MMMC init sequence looks like this: 
read_mmmc top.mmmc 
read_physical -lef {tech.lef stdcell.lef}   #optional in Tempus, required for Innovus 
read_netlist top.v 
read_power_intent -1801 top.1801	    #only for MSV designs 
init_design 

Tempus also supports a single-mode timing init sequence with no MMMC file like this: 
read_libs all.lib 
read_netlist top.v 
read_sdc top.sdc 
init_design 

See the 'Stylus Common UI Initialization' section in the 'Design Import and Export Capabilities' chapter of the Innovus Stylus 
Common UI User Guide for more details.
**ERROR: (IMPIMEX-12):	'init_design' failed. You are missing one or more of the required commands before running init_design.
The MMMC init sequence looks like this: 
read_mmmc top.mmmc 
read_physical -lef {tech.lef stdcell.lef}   #optional in Tempus, required for Innovus 
read_netlist top.v 
read_power_intent -1801 top.1801	    #only for MSV designs 
init_design 

Tempus also supports a single-mode timing init sequence with no MMMC file like this: 
read_libs all.lib 
read_netlist top.v 
read_sdc top.sdc 
init_design 

See the 'Stylus Common UI Initialization' section in the 'Design Import and Export Capabilities' chapter of the Innovus Stylus 
Common UI User Guide for more details.
**ERROR: (IMPIMEX-12):	'init_design' failed. You are missing one or more of the required commands before running init_design.
The MMMC init sequence looks like this: 
read_mmmc top.mmmc 
read_physical -lef {tech.lef stdcell.lef}   #optional in Tempus, required for Innovus 
read_netlist top.v 
read_power_intent -1801 top.1801	    #only for MSV designs 
init_design 

Tempus also supports a single-mode timing init sequence with no MMMC file like this: 
read_libs all.lib 
read_netlist top.v 
read_sdc top.sdc 
init_design 

See the 'Stylus Common UI Initialization' section in the 'Design Import and Export Capabilities' chapter of the Innovus Stylus 
Common UI User Guide for more details.
gui_select -point {0.09500 0.08000}
@innovus 3> 
--------------------------------------------------------------------------------
Exiting Innovus on Wed Jul  8 19:53:03 2026
  Total CPU time:     0:00:46
  Total real time:    0:04:47
  Peak memory (main): 1336.94MB


*** Memory Usage v#1 (Current mem = 1635.988M, initial mem = 662.375M) ***
*** Message Summary: 0 warning(s), 16 error(s)

--- Ending "Innovus" (totcpu=0:00:45.8, real=0:04:45, mem=1636.0M) ---
