============================================================
  Generated by:           Genus(TM) Synthesis Solution 22.17-s071_1
  Generated on:           Jul 09 2026  03:19:56 am
  Module:                 counter_100
  Operating conditions:   PVT_0P9V_125C (balanced_tree)
  Wireload mode:          enclosed
  Area mode:              timing library
============================================================


Path 1: MET (6778 ps) Setup Check with Pin clk_cnt_reg[25]/CK->D
          Group: clk
     Startpoint: (R) clk_cnt_reg[0]/CK
          Clock: (R) clk
       Endpoint: (R) clk_cnt_reg[25]/D
          Clock: (R) clk

                     Capture       Launch     
        Clock Edge:+   10000            0     
       Src Latency:+       0            0     
       Net Latency:+       0 (I)        0 (I) 
           Arrival:=   10000            0     
                                              
             Setup:-      94                  
       Uncertainty:-      10                  
     Required Time:=    9896                  
      Launch Clock:-       0                  
         Data Path:-    3117                  
             Slack:=    6778                  

#----------------------------------------------------------------------------------------------------
#        Timing Point         Flags   Arc   Edge   Cell     Fanout Load Trans Delay Arrival Instance 
#                                                                  (fF)  (ps)  (ps)   (ps)  Location 
#----------------------------------------------------------------------------------------------------
  clk_cnt_reg[0]/CK           -       -     R     (arrival)     34    -   100     0       0    (-,-) 
  clk_cnt_reg[0]/Q            -       CK->Q R     SDFFRHQX1      4  1.2    39   292     292    (-,-) 
  inc_add_69_25_g374__7098/Y  -       A->Y  R     AND2XL         3  0.6    34   123     416    (-,-) 
  inc_add_69_25_g372__5122/Y  -       B->Y  R     AND2XL         3  0.6    34   111     527    (-,-) 
  inc_add_69_25_g370__2802/Y  -       B->Y  R     AND2XL         3  0.6    34   111     638    (-,-) 
  inc_add_69_25_g368__3680/Y  -       B->Y  R     AND2XL         2  0.8    41   115     753    (-,-) 
  inc_add_69_25_g366__5526/CO -       B->CO R     ADDHX1         2  0.4    24   128     881    (-,-) 
  inc_add_69_25_g365__8428/Y  -       B->Y  R     AND2XL         3  0.8    41   111     992    (-,-) 
  inc_add_69_25_g363__6260/Y  -       B->Y  F     NAND2X1        3  0.9    85    79    1070    (-,-) 
  inc_add_69_25_g361__2398/Y  -       B->Y  R     NOR2BX1        2  0.4    51    76    1146    (-,-) 
  inc_add_69_25_g359__6417/Y  -       B->Y  R     AND2XL         3  0.6    34   119    1265    (-,-) 
  inc_add_69_25_g357__1666/Y  -       B->Y  R     AND2XL         2  0.8    41   115    1381    (-,-) 
  inc_add_69_25_g355__2883/CO -       B->CO R     ADDHX1         2  0.4    24   128    1508    (-,-) 
  inc_add_69_25_g354__9945/Y  -       B->Y  R     AND2XL         2  0.8    41   111    1619    (-,-) 
  inc_add_69_25_g352__6161/CO -       B->CO R     ADDHX1         2  0.4    24   128    1746    (-,-) 
  inc_add_69_25_g351__4733/Y  -       B->Y  R     AND2XL         3  0.8    41   111    1857    (-,-) 
  inc_add_69_25_g349__5115/Y  -       B->Y  F     NAND2X1        3  0.8    79    76    1933    (-,-) 
  inc_add_69_25_g347__6131/Y  -       AN->Y F     NAND2BX1       2  0.7    75   123    2056    (-,-) 
  inc_add_69_25_g345__8246/Y  -       B->Y  R     NOR2BX1        2  0.4    50    71    2126    (-,-) 
  inc_add_69_25_g343__1705/Y  -       B->Y  R     AND2XL         3  0.8    41   123    2249    (-,-) 
  inc_add_69_25_g341__1617/Y  -       B->Y  F     NAND2X1        3  0.9    85    79    2328    (-,-) 
  inc_add_69_25_g339__6783/Y  -       B->Y  R     NOR2BX1        2  0.4    51    76    2404    (-,-) 
  inc_add_69_25_g337__8428/Y  -       B->Y  R     AND2XL         3  0.8    41   123    2527    (-,-) 
  inc_add_69_25_g335__6260/Y  -       B->Y  F     NAND2X1        3  0.9    85    79    2606    (-,-) 
  inc_add_69_25_g333__2398/Y  -       B->Y  R     NOR2BX1        2  0.6    60    81    2687    (-,-) 
  inc_add_69_25_g331__6417/Y  -       B->Y  F     NAND2X1        2  0.6    71    80    2767    (-,-) 
  inc_add_69_25_g329__1666/Y  -       B->Y  R     XNOR2X1        1  0.2    22   176    2943    (-,-) 
  g3660__2398/Y               -       A0->Y R     AO22XL         1  0.3    28   174    3117    (-,-) 
  clk_cnt_reg[25]/D           <<<     -     R     DFFRHQX1       1    -     -     0    3117    (-,-) 
#----------------------------------------------------------------------------------------------------

