============================================================
  Generated by:           Genus(TM) Synthesis Solution 22.17-s071_1
  Generated on:           Jul 09 2026  03:19:56 am
  Module:                 counter_100
  Operating conditions:   PVT_0P9V_125C (balanced_tree)
  Wireload mode:          enclosed
  Area mode:              timing library
============================================================

Timing
--------

Clock  Period 
--------------
clk   10000.0 


  Cost    Critical         Violating 
 Group   Path Slack  TNS     Paths   
-------------------------------------
clk          6778.5   0.0          0 
default    No paths   0.0            
-------------------------------------
Total                 0.0          0 

Instance Count
--------------
Leaf Instance Count             138 
Physical Instance count           0 
Sequential Instance Count        34 
Combinational Instance Count    104 
Hierarchical Instance Count       0 

Area
----
Cell Area                          427.158
Physical Cell Area                 0.000
Total Cell Area (Cell+Physical)    427.158
Net Area                           0.000
Total Area (Cell+Physical+Net)     427.158

Max Fanout                         34 (clk)
Min Fanout                         0 (rst_n)
Average Fanout                     2.6
Terms to net ratio                 3.7905
Terms to instance ratio            4.0652
Runtime                            25.254797 seconds
Elapsed Runtime                    27 seconds
Genus peak memory usage            1848.90 
Innovus peak memory usage          no_value 
Hostname                           localhost
